// Jest Snapshot v1, https://goo.gl/fbAQLP

exports[`renders correctly 1`] = `
<div>
  <h1>
    The Chosen
  </h1>
  <img
    src="https://upload.wikimedia.org/wikipedia/commons/0/09/Spam_can.png"
  />
</div>
`;
